// Jest Snapshot v1, https://goo.gl/fbAQLP

exports[`Todo 1`] = `
<div>
  <div>
    React Todo
  </div>
  <div
    className="MuiFormControl-root MuiTextField-root MuiFormControl-fullWidth"
    data-testid="text"
    onKeyDown={[Function]}
  >
    <div
      className="MuiInputBase-root MuiInput-root MuiInput-underline MuiInputBase-fullWidth MuiInput-fullWidth MuiInputBase-formControl MuiInput-formControl"
      onClick={[Function]}
    >
      <input
        aria-invalid={false}
        autoFocus={false}
        className="MuiInputBase-input MuiInput-input"
        disabled={false}
        onAnimationStart={[Function]}
        onBlur={[Function]}
        onChange={[Function]}
        onFocus={[Function]}
        placeholder="Add Todo"
        required={false}
        type="text"
        value=""
      />
    </div>
  </div>
  <svg
    aria-hidden={true}
    className="MuiSvgIcon-root"
    focusable="false"
    viewBox="0 0 24 24"
  >
    <path
      d="M19 13h-6v6h-2v-6H5v-2h6V5h2v6h6v2z"
    />
  </svg>
  <div
    className="MuiTabs-root"
  >
    <div
      className="MuiTabs-scroller MuiTabs-fixed"
      onScroll={[Function]}
      style={
        Object {
          "marginBottom": null,
          "overflow": "hidden",
        }
      }
    >
      <div
        className="MuiTabs-flexContainer"
        onKeyDown={[Function]}
        role="tablist"
      >
        <button
          aria-selected={false}
          className="MuiButtonBase-root MuiTab-root MuiTab-textColorInherit"
          disabled={false}
          onBlur={[Function]}
          onClick={[Function]}
          onDragLeave={[Function]}
          onFocus={[Function]}
          onKeyDown={[Function]}
          onKeyUp={[Function]}
          onMouseDown={[Function]}
          onMouseLeave={[Function]}
          onMouseUp={[Function]}
          onTouchEnd={[Function]}
          onTouchMove={[Function]}
          onTouchStart={[Function]}
          role="tab"
          tabIndex={-1}
          type="button"
        >
          <span
            className="MuiTab-wrapper"
          >
            ALL
          </span>
        </button>
        <button
          aria-selected={true}
          className="MuiButtonBase-root MuiTab-root MuiTab-textColorInherit Mui-selected"
          disabled={false}
          onBlur={[Function]}
          onClick={[Function]}
          onDragLeave={[Function]}
          onFocus={[Function]}
          onKeyDown={[Function]}
          onKeyUp={[Function]}
          onMouseDown={[Function]}
          onMouseLeave={[Function]}
          onMouseUp={[Function]}
          onTouchEnd={[Function]}
          onTouchMove={[Function]}
          onTouchStart={[Function]}
          role="tab"
          tabIndex={0}
          type="button"
        >
          <span
            className="MuiTab-wrapper"
          >
            TODO
          </span>
          <span
            className="PrivateTabIndicator-root-1 PrivateTabIndicator-colorSecondary-3 MuiTabs-indicator"
            style={Object {}}
          />
        </button>
        <button
          aria-selected={false}
          className="MuiButtonBase-root MuiTab-root MuiTab-textColorInherit"
          disabled={false}
          onBlur={[Function]}
          onClick={[Function]}
          onDragLeave={[Function]}
          onFocus={[Function]}
          onKeyDown={[Function]}
          onKeyUp={[Function]}
          onMouseDown={[Function]}
          onMouseLeave={[Function]}
          onMouseUp={[Function]}
          onTouchEnd={[Function]}
          onTouchMove={[Function]}
          onTouchStart={[Function]}
          role="tab"
          tabIndex={-1}
          type="button"
        >
          <span
            className="MuiTab-wrapper"
          >
            DONE
          </span>
        </button>
      </div>
    </div>
  </div>
  <nav
    className="MuiList-root MuiList-padding"
    hidden={true}
    role="tabpanel"
  />
  <nav
    className="MuiList-root MuiList-padding"
    hidden={false}
    role="tabpanel"
  />
  <nav
    className="MuiList-root MuiList-padding"
    hidden={true}
    role="tabpanel"
  />
</div>
`;
